// Jest Snapshot v1, https://goo.gl/fbAQLP

exports[`ResultDisplay should render correctly 1`] = `
<div
  className="ResultDisplay"
>
  100
</div>
`;
